// Vitest Snapshot v1, https://vitest.dev/guide/snapshot.html

exports[`App > should render user 1`] = `
<div>
  <div>
    <button
      type="button"
    >
      Edit
    </button>
    <button
      type="button"
    >
      Delete
    </button>
    <p>
      Id: 
      <span>
        1
      </span>
    </p>
    <p>
      <b>
         Name: 
      </b>
      <span>
        Daniel Olatunde
      </span>
    </p>
    <p>
      <b>
        Username: 
      </b>
      <span>
        Dannypy
      </span>
    </p>
  </div>
</div>
`;
